// Jest Snapshot v1, https://goo.gl/fbAQLP

exports[`Fetch Commponent renders a snapshot that is good 1`] = `null`;
